Search results:

Solution 1:
V:K@SORT-K -->
lambda y . ( ( lambda x . lambda y . ( x y ) ) y )
