Search results:

Solution 1:
Out:List -->
ListItem(#buffer ( "1230" ))

Solution 2:
Out:List -->
ListItem(#buffer ( "1320" ))

Solution 3:
Out:List -->
ListItem(#buffer ( "2130" ))

Solution 4:
Out:List -->
ListItem(#buffer ( "2310" ))

Solution 5:
Out:List -->
ListItem(#buffer ( "3120" ))

Solution 6:
Out:List -->
ListItem(#buffer ( "3210" ))
