Search results:

Solution 1:
<T> <k> ( ++ x ) ~> #freezer_/_ ( ++ x / x ) ~> #freezer_=_; ( y ) </k> <state> x |-> 1 y |-> 0 </state> </T>
Solution 2:
<T> <k> ( ++ x ) ~> #freezer_/_ ( 1 ) ~> #freezer_/_2 ( ++ x ) ~> #freezer_=_; ( y ) </k> <state> x |-> 1 y |-> 0 </state> </T>
Solution 3:
<T> <k> ( ++ x ) ~> #freezer_/_ ( x ) ~> #freezer_/_2 ( ++ x ) ~> #freezer_=_; ( y ) </k> <state> x |-> 1 y |-> 0 </state> </T>
