Search results:

Solution 1:
V:K@SORT-K -->
(SS (KK y)) (KK z)
