Search results:

Solution 1:
V:K@SORT-K -->
int --> (#symType(10)) --> (#symType(10))
