Search results:

Solution 1:
V:K@SORT-K -->
#symType(2) --> (#symType(2))
