Search results:

Solution 1:
<T>
    <k>
        (3 / 0) ~> y = HOLE ;
    </k>
    <store>
        #symNat(1) |-> 3
        #symNat(2) |-> 0
    </store>
    <env>
        x |-> #symNat(1)
        y |-> #symNat(2)
    </env>
</T>

Solution 2:
<T>
    <k>
        .K
    </k>
    <store>
        #symNat(1) |-> 3
        #symNat(2) |-> 0
    </store>
    <env>
        x |-> #symNat(1)
        y |-> #symNat(2)
    </env>
</T>

Solution 3:
<T>
    <k>
        .K
    </k>
    <store>
        #symNat(1) |-> 3
        #symNat(2) |-> 1
    </store>
    <env>
        x |-> #symNat(1)
        y |-> #symNat(2)
    </env>
</T>

Solution 4:
<T>
    <k>
        .K
    </k>
    <store>
        #symNat(1) |-> 3
        #symNat(2) |-> 2
    </store>
    <env>
        x |-> #symNat(1)
        y |-> #symNat(2)
    </env>
</T>

Solution 5:
<T>
    <k>
        .K
    </k>
    <store>
        #symNat(1) |-> 3
        #symNat(2) |-> 3
    </store>
    <env>
        x |-> #symNat(1)
        y |-> #symNat(2)
    </env>
</T>
