Search results:

Solution 1:
Solution:Map -->
"V" |-> cons ( a (  ), cons ( b (  ), nil (  ) ) )
