Search results:

Solution 1:
Solution:Map -->
"X" |-> john (  )
