Search results:

Solution 1:
Solution:Map -->
"A" |-> jim (  )
"B" |-> john (  )
"X" |-> david (  )

Solution 2:
Solution:Map -->
"A" |-> nathan (  )
"B" |-> david (  )
"X" |-> jim (  )

Solution 3:
Solution:Map -->
"A" |-> nathan (  )
"B" |-> david (  )
"X" |-> steve (  )

Solution 4:
Solution:Map -->
"A" |-> nathan (  )
"B" |-> jim (  )
"X" |-> steve (  )

Solution 5:
Solution:Map -->
"A" |-> nathan (  )
"B" |-> john (  )
"X" |-> david (  )

Solution 6:
Solution:Map -->
"A" |-> nathan (  )
"B" |-> john (  )
"X" |-> jim (  )

Solution 7:
Solution:Map -->
"A" |-> nathan (  )
"B" |-> john (  )
"X" |-> steve (  )

Solution 8:
Solution:Map -->
"A" |-> steve (  )
"B" |-> david (  )
"X" |-> jim (  )

Solution 9:
Solution:Map -->
"A" |-> steve (  )
"B" |-> john (  )
"X" |-> david (  )

Solution 10:
Solution:Map -->
"A" |-> steve (  )
"B" |-> john (  )
"X" |-> jim (  )
