Search results:

Solution 1:
Solution:Map -->
"L" |-> cons ( c (  ), cons ( X, cons ( a (  ), nil (  ) ) ) )
"T" |-> cons ( a (  ), cons ( X, cons ( c (  ), nil (  ) ) ) )
"X" |-> X
