[Error] Critical: Can't mix cells at different levels under a rewrite
  while executing phase "concretizing configuration" on sentence at
