Solution: 1
V
---> 
a ` ` lambda x . lambda y . x ` y z `
