Solution: 1
V
---> 
` lambda x . ` x x ` ` lambda x . ` x x `
