Solution 1
<k> 0 </k>
 _andBool_ V0 ==K 0
Solution 2
<k> 1 </k>
 _andBool_ V0 ==K 1
