Search results:

Solution 1:
T:Type@LAMBDA -->
( int -> ( int -> int ) ) -> ( int -> ( int -> int ) )
