<T> <k> . </k> <env> n |-> 3 q |-> 4 z |-> 10 m |-> 2 x |-> 8 i |-> 1 y |-> 9 r |-> 5 s |-> 6 t |-> 7 </env> <store> 1 |-> 2 2 |-> 10 3 |-> 11 4 |-> 0 5 |-> 1 6 |-> 4 7 |-> 0 8 |-> 0 9 |-> 20 10 |-> 10 </store> </T>
