Solution 1
V ==K closure ( .Map , x , x ) andBool ( _0 ==K <env> .Map </env> andBool _1 ==K <store> .Map </store> )
