Search results:

Solution 1:
Solution:K -->
L:Term |-> cons ( (_133:Term, ((cons ( (_133, nil) )))) )

Solution 2:
Solution:K -->
L:Term |-> cons ( (_133:Term, ((cons ( (_172:Term, ((cons ( (_133, nil) )))) )
  ))) )

Solution 3:
Solution:K -->
L:Term |-> cons ( (_133:Term, ((cons ( (_172:Term, ((cons ( (_172, ((cons ( (
  _133, nil) )))) )))) )))) )

Solution 4:
Solution:K -->
L:Term |-> cons ( (_133:Term, nil) )

Solution 5:
Solution:K -->
L:Term |-> nil
