Solution 1
DotVar0 ==K <store> 1 |-> 2100 2 |-> 1 </store> andBool V ==K 3202
