Solution 1
DotVar0 ==K <store> 1 |-> 0 </store> andBool V ==K 0
