<T> <k> stmt </k> <tenv> n |-> int q |-> int r |-> int s |-> int m |-> int </tenv> </T>
