<T> <k> . </k> <state> n |-> 1 q |-> 1 r |-> 3 s |-> 66 m |-> 2 </state> </T>
