Solution 1
DotVar0 ==K <tenv> .Map </tenv> andBool T ==K ( bool -> ( V0 -> ( V0 -> V0 ) ) )
