Solution 1
DotVar0 ==K <tenv> .Map </tenv> andBool T ==K ( V0 -> V0 )
