Search results:

Solution 1:
T:Type@LAMBDA -->
( int -> V0 ) -> ( int -> V0 )
