Search results:

Solution 1:
V:K -->
GeneratedAnonVar0:Type

Solution 2:
V:K -->
GeneratedAnonVar0:Type -> GeneratedAnonVar0 = (GeneratedAnonVar0 -> 
  GeneratedAnonVar0) -> GeneratedAnonVar1:Type
