[Error] Compiler: Had 1 parsing errors.
[Error] Inner Parser: Parse error: unexpected end of file.
