Solution 1
DotVar0 ==K <gtenv> collatz |-> ( ( int , .Exps ) -> void ) main |-> ( ( void , .Exps ) -> void ) </gtenv>
