Solution 1
DotVar0 ==K <gtenv> z |-> int y |-> int x |-> int g |-> ( ( void , .Exps ) -> void ) main |-> ( ( void , .Exps ) -> void ) f |-> ( ( void , .Exps ) -> void ) </gtenv>
