Solution 1
DotVar0 ==K <gtenv> main |-> ( ( void , .Exps ) -> void ) j |-> int i |-> int </gtenv>
