Solution 1
DotVar0 ==K <gtenv> mulArray |-> ( ( int [ ] [ ] , ( int [ ] [ ] , .Exps ) ) -> int [ ] [ ] ) transArray |-> ( ( int [ ] [ ] , .Exps ) -> int [ ] [ ] ) main |-> ( ( void , .Exps ) -> void ) readArray |-> ( ( int [ ] [ ] , .Exps ) -> void ) printArray |-> ( ( int [ ] [ ] , .Exps ) -> void ) </gtenv>
