Search results:

Solution 1:
V:K@SORT-K -->
fun ( ( Nothing -> 7 ) | .TypeCases )
