Solution 1
DotVar0 ==K <store> .Map </store> andBool V ==K ( Pair ( Pair ( 1 , ( Wrapper ( 2 , .Exps ) , .Exps ) ) , ( Pair ( 3 , ( 4 , .Exps ) ) , .Exps ) ) )
