Search results:

Solution 1:
V:K@SORT-K -->
fun ( ( Triple ( x , ( y , ( z , .Exps ) ) ) -> y ) | .Cases )

