Search results:

Solution 1:
Solution:Map@MAP -->
B:Term@LOGIK-COMMON |-> V0 C:Term@LOGIK-COMMON |-> V1 A:Term@LOGIK-COMMON |-> V1

