Search results:

Solution 1:
Solution:Map@MAP -->
L:Term@LOGIK-COMMO |-> ( cons ( a , ( cons ( b , ( cons ( c , ( cons ( d , ( nil , .Terms ) ) , .Terms ) ) , .Terms ) ) , .Terms ) ) )

Solution 2:
Solution:Map@MAP -->
L:Term@LOGIK-COMMO |-> ( cons ( b , ( cons ( a , ( cons ( c , ( cons ( d , ( nil , .Terms ) ) , .Terms ) ) , .Terms ) ) , .Terms ) ) )

Solution 3:
Solution:Map@MAP -->
L:Term@LOGIK-COMMO |-> ( cons ( b , ( cons ( c , ( cons ( a , ( cons ( d , ( nil , .Terms ) ) , .Terms ) ) , .Terms ) ) , .Terms ) ) )

Solution 4:
Solution:Map@MAP -->
L:Term@LOGIK-COMMO |-> ( cons ( b , ( cons ( c , ( cons ( d , ( cons ( a , ( nil , .Terms ) ) , .Terms ) ) , .Terms ) ) , .Terms ) ) )

